################################################################################
#                                                                              #
#      IAR Universal Linker V6.5.1.95                                          #
#                                                                              #
#           Link time     =  13/Oct/2020  10:16:34                             #
#           Target CPU    =  MSP430                                            #
#           List file     =  C:\Users\HP\Desktop\小车控制3\Debug\List\test.map #
#           Output file 1 =  C:\Users\HP\Desktop\小车控制3\Debug\Exe\test.d43  #
#                            Format: ubrof10                                   #
#                            UBROF version 10.0.6                              #
#                            Using library modules for C-SPY (-rt)             #
#           Command line  =  -f C:\Users\HP\AppData\Local\Temp\EWB933.tmp      #
#                            (C:\Users\HP\Desktop\小车控制3\Debug\Obj\font.r43 #
#                            C:\Users\HP\Desktop\小车控制3\Debug\Obj\lcd.r43   #
#                            C:\Users\HP\Desktop\小车控制3\Debug\Obj\main.r43  #
#                            C:\Users\HP\Desktop\小车控制3\Debug\Obj\mathfun.r #
#                            43                                                #
#                            -o                                                #
#                            C:\Users\HP\Desktop\小车控制3\Debug\Exe\test.d43  #
#                            -l                                                #
#                            C:\Users\HP\Desktop\小车控制3\Debug\List\test.map #
#                            -xms                                              #
#                            "-IC:\Program Files (x86)\IAR Systems\Embedded Wo #
#                            rkbench 8.0\430\LIB\"                             #
#                            -f                                                #
#                            "C:\Program Files (x86)\IAR Systems\Embedded Work #
#                            bench 8.0\430\config\linker\lnk430g2553.xcl"      #
#                            (-cmsp430 -QCODE_I=CODE_ID -QTLS16_I=TLS16_ID     #
#                            -Z(CONST)INFO=1000-10FF                           #
#                            -Z(CONST)INFOA=10C0-10FF                          #
#                            -Z(CONST)INFOB=1080-10BF                          #
#                            -Z(CONST)INFOC=1040-107F                          #
#                            -Z(CONST)INFOD=1000-103F                          #
#                            -Z(DATA)DATA16_I,DATA16_Z,DATA16_N,TLS16_I=0200-0 #
#                            3FF                                               #
#                            -Z(DATA)DATA16_HEAP+_DATA16_HEAP_SIZE             #
#                            -Z(DATA)CODE_I -Z(DATA)CSTACK+_STACK_SIZE#        #
#                            -Z(CONST)DATA16_C,DATA16_ID,TLS16_ID,DIFUNCT,CHEC #
#                            KSUM=C000-FFDD                                    #
#                            -Z(CODE)CSTART,ISR_CODE,CODE_ID=C000-FFDD         #
#                            -P(CODE)CODE=C000-FFDD                            #
#                            -Z(CONST)SIGNATURE=FFDE-FFDF                      #
#                            -Z(CODE)INTVEC=FFE0-FFFF                          #
#                            -Z(CODE)RESET=FFFE-FFFF) -D_STACK_SIZE=50 -rt     #
#                            "C:\Program Files (x86)\IAR Systems\Embedded Work #
#                            bench 8.0\430\lib\dlib\dl430fn.r43"               #
#                            -e_PrintfLarge=_Printf -e_ScanfLarge=_Scanf       #
#                            -D_DATA16_HEAP_SIZE=50 -s __program_start         #
#                            -D_DATA20_HEAP_SIZE=50)                           #
#                                                                              #
#                           Copyright (C) 1987-2016 IAR Systems AB.            #
################################################################################





                ****************************************
                *                                      *
                *           CROSS REFERENCE            *
                *                                      *
                ****************************************

       Program entry at :           C01A  Relocatable, from module : ?cstart




                ****************************************
                *                                      *
                *            RUNTIME MODEL             *
                *                                      *
                ****************************************

  __Heap_Handler             = Basic
  __SystemLibrary            = DLib
  __core                     = 430
  __dlib_file_descriptor     = 0
  __dlib_full_locale_support = 0
  __double_size              = 32
  __pic                      = no
  __reg_r4                   = free
  __reg_r5                   = free
  __rt_version               = 3

                ****************************************
                *                                      *
                *    AUTOMATIC SYMBOL REDIRECTIONS     *
                *                                      *
                ****************************************

                  There are no automatic symbol redirections.



                ****************************************
                *                                      *
                *              MODULE MAP              *
                *                                      *
                ****************************************


  DEFINED ABSOLUTE ENTRIES
    *************************************************************************

  DEFINED ABSOLUTE ENTRIES
  PROGRAM MODULE, NAME : ?ABS_ENTRY_MOD

Absolute parts
           ENTRY                   ADDRESS         REF BY
           =====                   =======         ======
           _DATA20_HEAP_SIZE       0050 
           _DATA16_HEAP_SIZE       0050 
           _STACK_SIZE             0050 
    *************************************************************************

  FILE NAME : C:\Users\HP\Desktop\小车控制3\Debug\Obj\font.r43
  PROGRAM MODULE, NAME : font

  SEGMENTS IN THE MODULE
  ======================
CODE
  Relative segment, address: C8A8 - CE97 (0x5f0 bytes), align: 0
  Segment part 2.
           ENTRY                   ADDRESS         REF BY
           =====                   =======         ======
           AsciiFontData           C8A8            LCD_drawCharAt (lcd)

    *************************************************************************

  FILE NAME : C:\Users\HP\Desktop\小车控制3\Debug\Obj\lcd.r43
  PROGRAM MODULE, NAME : lcd

  SEGMENTS IN THE MODULE
  ======================
DATA16_AN
  Relative segment, address: 0029 - 0029 (0x1 bytes), align: 0
  Segment part 1. ROOT        Intra module refs:   IIC_Start
                                                   IIC_Stop
                                                   Write_IIC_Byte
                                                   int_gpio (main)
                                                   main (main)
                                                   pwm1 (main)
           ENTRY                   ADDRESS         REF BY
           =====                   =======         ======
           P2OUT                   0029 
    -------------------------------------------------------------------------
CODE
  Relative segment, address: C042 - C11D (0xdc bytes), align: 1
  Segment part 20.            Intra module refs:   LCD_init
           ENTRY                   ADDRESS         REF BY
           =====                   =======         ======
           Initial_LY096BG30       C042 
               calls direct
               CSTACK = 00000000 ( 00000002 )
    -------------------------------------------------------------------------
CODE
  Relative segment, address: C11E - C133 (0x16 bytes), align: 1
  Segment part 7.             Intra module refs:   Write_IIC_Command
                                                   Write_IIC_Data
           ENTRY                   ADDRESS         REF BY
           =====                   =======         ======
           IIC_Start               C11E 
               CSTACK = 00000000 ( 00000002 )
    -------------------------------------------------------------------------
CODE
  Relative segment, address: C134 - C149 (0x16 bytes), align: 1
  Segment part 5.             Intra module refs:   Write_IIC_Command
                                                   Write_IIC_Data
           ENTRY                   ADDRESS         REF BY
           =====                   =======         ======
           IIC_Stop                C134 
               CSTACK = 00000000 ( 00000002 )
    -------------------------------------------------------------------------
CODE
  Relative segment, address: C14A - C181 (0x38 bytes), align: 1
  Segment part 6.             Intra module refs:   Write_IIC_Command
                                                   Write_IIC_Data
           ENTRY                   ADDRESS         REF BY
           =====                   =======         ======
           Write_IIC_Byte          C14A 
               CSTACK = 00000000 ( 00000002 )
    -------------------------------------------------------------------------
CODE
  Relative segment, address: C182 - C19F (0x1e bytes), align: 1
  Segment part 9.             Intra module refs:   Initial_LY096BG30
                                                   LCD_setXY
                                                   fill_picture
           ENTRY                   ADDRESS         REF BY
           =====                   =======         ======
           Write_IIC_Command       C182 
               calls direct
               CSTACK = 00000000 ( 00000002 )
    -------------------------------------------------------------------------
CODE
  Relative segment, address: C1A0 - C1BF (0x20 bytes), align: 1
  Segment part 8.             Intra module refs:   LCD_drawCharAt
                                                   fill_picture
           ENTRY                   ADDRESS         REF BY
           =====                   =======         ======
           Write_IIC_Data          C1A0 
               calls direct
               CSTACK = 00000000 ( 00000002 )
    -------------------------------------------------------------------------
CODE
  Relative segment, address: C1C0 - C1FF (0x40 bytes), align: 1
  Segment part 17.            Intra module refs:   LCD_clear
           ENTRY                   ADDRESS         REF BY
           =====                   =======         ======
           fill_picture            C1C0 
               calls direct
               CSTACK = 00000000 ( 00000006 )
    -------------------------------------------------------------------------
CODE
  Relative segment, address: C200 - C215 (0x16 bytes), align: 1
  Segment part 22.
           ENTRY                   ADDRESS         REF BY
           =====                   =======         ======
           Delay_50ms              C200            main (main)
               CSTACK = 00000000 ( 00000002 )
    -------------------------------------------------------------------------
CODE
  Relative segment, address: C216 - C22D (0x18 bytes), align: 1
  Segment part 19.            Intra module refs:   LCD_init
           ENTRY                   ADDRESS         REF BY
           =====                   =======         ======
           Delay_1ms               C216 
               CSTACK = 00000000 ( 00000002 )
    -------------------------------------------------------------------------
DATA16_Z
  Relative segment, address: 021A - 021B (0x2 bytes), align: 0
  Segment part 4.             Intra module refs:   LCD_drawChar
                                                   LCD_setXY
           ENTRY                   ADDRESS         REF BY
           =====                   =======         ======
           LCDCtl                  021A 
    -------------------------------------------------------------------------
CODE
  Relative segment, address: C22E - C245 (0x18 bytes), align: 1
  Segment part 21.
           ENTRY                   ADDRESS         REF BY
           =====                   =======         ======
           LCD_init                C22E            main (main)
               calls direct
               CSTACK = 00000000 ( 00000002 )
    -------------------------------------------------------------------------
CODE
  Relative segment, address: C246 - C24B (0x6 bytes), align: 1
  Segment part 18.            Intra module refs:   LCD_init
           ENTRY                   ADDRESS         REF BY
           =====                   =======         ======
           LCD_clear               C246 
               calls direct
               CSTACK = 00000000 ( 00000002 )
    -------------------------------------------------------------------------
CODE
  Relative segment, address: C24C - C29D (0x52 bytes), align: 1
  Segment part 10.            Intra module refs:   LCD_drawCharAt
                                                   LCD_init
           ENTRY                   ADDRESS         REF BY
           =====                   =======         ======
           LCD_setXY               C24C 
               calls direct
               CSTACK = 00000000 ( 00000006 )
    -------------------------------------------------------------------------
CODE
  Relative segment, address: C29E - C33D (0xa0 bytes), align: 1
  Segment part 11.            Intra module refs:   LCD_drawChar
                                                   LCD_drawStrAt
           ENTRY                   ADDRESS         REF BY
           =====                   =======         ======
           LCD_drawCharAt          C29E            drawint (mathfun)
               calls direct
               CSTACK = 00000000 ( 00000008 )
    -------------------------------------------------------------------------
CODE
  Relative segment, address: C33E - C37D (0x40 bytes), align: 1
  Segment part 13.            Intra module refs:   LCD_drawStr
           ENTRY                   ADDRESS         REF BY
           =====                   =======         ======
           LCD_drawChar            C33E 
               calls direct
               CSTACK = 00000000 ( 00000006 )
    -------------------------------------------------------------------------
CODE
  Relative segment, address: C37E - C3A9 (0x2c bytes), align: 1
  Segment part 15.
           ENTRY                   ADDRESS         REF BY
           =====                   =======         ======
           LCD_drawStrAt           C37E            main (main)
               calls direct
               CSTACK = 00000000 ( 00000006 )
    -------------------------------------------------------------------------
CODE
  Relative segment, address: C3AA - C3D3 (0x2a bytes), align: 1
  Segment part 14.            Intra module refs:   LCD_drawStrAt
           ENTRY                   ADDRESS         REF BY
           =====                   =======         ======
           LCD_drawStr             C3AA 
               calls direct
               CSTACK = 00000000 ( 00000006 )

    *************************************************************************

  FILE NAME : C:\Users\HP\Desktop\小车控制3\Debug\Obj\main.r43
  PROGRAM MODULE, NAME : main

  SEGMENTS IN THE MODULE
  ======================
DATA16_AN
  Relative segment, address: 0020 - 0020 (0x1 bytes), align: 0
  Segment part 1. ROOT        Intra module refs:   Port_1
                                                   scan
           ENTRY                   ADDRESS         REF BY
           =====                   =======         ======
           P1IN                    0020 
    -------------------------------------------------------------------------
DATA16_AN
  Relative segment, address: 0021 - 0021 (0x1 bytes), align: 0
  Segment part 2. ROOT        Intra module refs:   int_gpio
                                                   main
                                                   stop
           ENTRY                   ADDRESS         REF BY
           =====                   =======         ======
           P1OUT                   0021 
    -------------------------------------------------------------------------
DATA16_AN
  Relative segment, address: 0022 - 0022 (0x1 bytes), align: 0
  Segment part 3. ROOT        Intra module refs:   int_gpio
                                                   main
                                                   pwm2
           ENTRY                   ADDRESS         REF BY
           =====                   =======         ======
           P1DIR                   0022 
    -------------------------------------------------------------------------
DATA16_AN
  Relative segment, address: 0023 - 0023 (0x1 bytes), align: 0
  Segment part 4. ROOT        Intra module refs:   Port_1
                                                   int_gpio
           ENTRY                   ADDRESS         REF BY
           =====                   =======         ======
           P1IFG                   0023 
    -------------------------------------------------------------------------
DATA16_AN
  Relative segment, address: 0024 - 0024 (0x1 bytes), align: 0
  Segment part 5. ROOT        Intra module refs:   int_gpio
           ENTRY                   ADDRESS         REF BY
           =====                   =======         ======
           P1IES                   0024 
    -------------------------------------------------------------------------
DATA16_AN
  Relative segment, address: 0025 - 0025 (0x1 bytes), align: 0
  Segment part 6. ROOT        Intra module refs:   int_gpio
           ENTRY                   ADDRESS         REF BY
           =====                   =======         ======
           P1IE                    0025 
    -------------------------------------------------------------------------
DATA16_AN
  Relative segment, address: 0026 - 0026 (0x1 bytes), align: 0
  Segment part 7. ROOT        Intra module refs:   pwm2
           ENTRY                   ADDRESS         REF BY
           =====                   =======         ======
           P1SEL                   0026 
    -------------------------------------------------------------------------
DATA16_AN
  Relative segment, address: 0027 - 0027 (0x1 bytes), align: 0
  Segment part 8. ROOT        Intra module refs:   int_gpio
           ENTRY                   ADDRESS         REF BY
           =====                   =======         ======
           P1REN                   0027 
    -------------------------------------------------------------------------
DATA16_AN
  Relative segment, address: 0028 - 0028 (0x1 bytes), align: 0
  Segment part 9. ROOT        Intra module refs:   Port_2
                                                   scan
           ENTRY                   ADDRESS         REF BY
           =====                   =======         ======
           P2IN                    0028 
    -------------------------------------------------------------------------
DATA16_AN
  Relative segment, address: 002A - 002A (0x1 bytes), align: 0
  Segment part 11. ROOT       Intra module refs:   int_gpio
                                                   main
                                                   pwm1
           ENTRY                   ADDRESS         REF BY
           =====                   =======         ======
           P2DIR                   002A 
    -------------------------------------------------------------------------
DATA16_AN
  Relative segment, address: 002B - 002B (0x1 bytes), align: 0
  Segment part 12. ROOT       Intra module refs:   Port_2
                                                   int_gpio
           ENTRY                   ADDRESS         REF BY
           =====                   =======         ======
           P2IFG                   002B 
    -------------------------------------------------------------------------
DATA16_AN
  Relative segment, address: 002C - 002C (0x1 bytes), align: 0
  Segment part 13. ROOT       Intra module refs:   int_gpio
           ENTRY                   ADDRESS         REF BY
           =====                   =======         ======
           P2IES                   002C 
    -------------------------------------------------------------------------
DATA16_AN
  Relative segment, address: 002D - 002D (0x1 bytes), align: 0
  Segment part 14. ROOT       Intra module refs:   int_gpio
           ENTRY                   ADDRESS         REF BY
           =====                   =======         ======
           P2IE                    002D 
    -------------------------------------------------------------------------
DATA16_AN
  Relative segment, address: 002E - 002E (0x1 bytes), align: 0
  Segment part 15. ROOT       Intra module refs:   pwm1
           ENTRY                   ADDRESS         REF BY
           =====                   =======         ======
           P2SEL                   002E 
    -------------------------------------------------------------------------
DATA16_AN
  Relative segment, address: 002F - 002F (0x1 bytes), align: 0
  Segment part 16. ROOT       Intra module refs:   int_gpio
           ENTRY                   ADDRESS         REF BY
           =====                   =======         ======
           P2REN                   002F 
    -------------------------------------------------------------------------
DATA16_AN
  Relative segment, address: 0160 - 0161 (0x2 bytes), align: 0
  Segment part 17. ROOT       Intra module refs:   pwm2
           ENTRY                   ADDRESS         REF BY
           =====                   =======         ======
           TA0CTL                  0160 
    -------------------------------------------------------------------------
DATA16_AN
  Relative segment, address: 0164 - 0165 (0x2 bytes), align: 0
  Segment part 18. ROOT       Intra module refs:   pwm2
           ENTRY                   ADDRESS         REF BY
           =====                   =======         ======
           TA0CCTL1                0164 
    -------------------------------------------------------------------------
DATA16_AN
  Relative segment, address: 0172 - 0173 (0x2 bytes), align: 0
  Segment part 19. ROOT       Intra module refs:   pwm2
           ENTRY                   ADDRESS         REF BY
           =====                   =======         ======
           TA0CCR0                 0172 
    -------------------------------------------------------------------------
DATA16_AN
  Relative segment, address: 0174 - 0175 (0x2 bytes), align: 0
  Segment part 20. ROOT       Intra module refs:   changepwm2
                                                   pwm2
           ENTRY                   ADDRESS         REF BY
           =====                   =======         ======
           TA0CCR1                 0174 
    -------------------------------------------------------------------------
DATA16_AN
  Relative segment, address: 0180 - 0181 (0x2 bytes), align: 0
  Segment part 21. ROOT       Intra module refs:   pwm1
           ENTRY                   ADDRESS         REF BY
           =====                   =======         ======
           TA1CTL                  0180 
    -------------------------------------------------------------------------
DATA16_AN
  Relative segment, address: 0184 - 0185 (0x2 bytes), align: 0
  Segment part 22. ROOT       Intra module refs:   pwm1
           ENTRY                   ADDRESS         REF BY
           =====                   =======         ======
           TA1CCTL1                0184 
    -------------------------------------------------------------------------
DATA16_AN
  Relative segment, address: 0192 - 0193 (0x2 bytes), align: 0
  Segment part 23. ROOT       Intra module refs:   pwm1
           ENTRY                   ADDRESS         REF BY
           =====                   =======         ======
           TA1CCR0                 0192 
    -------------------------------------------------------------------------
DATA16_AN
  Relative segment, address: 0194 - 0195 (0x2 bytes), align: 0
  Segment part 24. ROOT       Intra module refs:   changepwm1
                                                   pwm1
           ENTRY                   ADDRESS         REF BY
           =====                   =======         ======
           TA1CCR1                 0194 
    -------------------------------------------------------------------------
DATA16_AN
  Relative segment, address: 0120 - 0121 (0x2 bytes), align: 0
  Segment part 25. ROOT       Intra module refs:   main
           ENTRY                   ADDRESS         REF BY
           =====                   =======         ======
           WDTCTL                  0120 
    -------------------------------------------------------------------------
DATA16_Z
  Relative segment, address: 020C - 020D (0x2 bytes), align: 1
  Segment part 31.            Intra module refs:   main
                                                   scan
           ENTRY                   ADDRESS         REF BY
           =====                   =======         ======
           io1                     020C 
    -------------------------------------------------------------------------
DATA16_Z
  Relative segment, address: 020E - 020F (0x2 bytes), align: 1
  Segment part 32.            Intra module refs:   main
                                                   scan
           ENTRY                   ADDRESS         REF BY
           =====                   =======         ======
           io2                     020E 
    -------------------------------------------------------------------------
DATA16_Z
  Relative segment, address: 0210 - 0211 (0x2 bytes), align: 1
  Segment part 33.            Intra module refs:   main
                                                   scan
           ENTRY                   ADDRESS         REF BY
           =====                   =======         ======
           io3                     0210 
    -------------------------------------------------------------------------
DATA16_Z
  Relative segment, address: 0212 - 0213 (0x2 bytes), align: 1
  Segment part 34.            Intra module refs:   main
                                                   scan
           ENTRY                   ADDRESS         REF BY
           =====                   =======         ======
           io4                     0212 
    -------------------------------------------------------------------------
DATA16_Z
  Relative segment, address: 0214 - 0215 (0x2 bytes), align: 1
  Segment part 35.            Intra module refs:   main
                                                   scan
           ENTRY                   ADDRESS         REF BY
           =====                   =======         ======
           io5                     0214 
    -------------------------------------------------------------------------
DATA16_I
  Relative segment, address: 0200 - 0201 (0x2 bytes), align: 1
  Segment part 42.            Intra module refs:   main
           ENTRY                   ADDRESS         REF BY
           =====                   =======         ======
           zhan1                   0200 
    -------------------------------------------------------------------------
DATA16_I
  Relative segment, address: 0202 - 0203 (0x2 bytes), align: 1
  Segment part 44.            Intra module refs:   main
           ENTRY                   ADDRESS         REF BY
           =====                   =======         ======
           zhan2                   0202 
    -------------------------------------------------------------------------
DATA16_I
  Relative segment, address: 0204 - 0205 (0x2 bytes), align: 1
  Segment part 46.            Intra module refs:   main
           ENTRY                   ADDRESS         REF BY
           =====                   =======         ======
           flag                    0204 
    -------------------------------------------------------------------------
DATA16_I
  Relative segment, address: 0206 - 0207 (0x2 bytes), align: 1
  Segment part 48.            Intra module refs:   main
           ENTRY                   ADDRESS         REF BY
           =====                   =======         ======
           flag1                   0206 
    -------------------------------------------------------------------------
DATA16_I
  Relative segment, address: 0208 - 0209 (0x2 bytes), align: 1
  Segment part 50.            Intra module refs:   main
           ENTRY                   ADDRESS         REF BY
           =====                   =======         ======
           flag2                   0208 
    -------------------------------------------------------------------------
DATA16_I
  Relative segment, address: 020A - 020B (0x2 bytes), align: 1
  Segment part 52.            Intra module refs:   Port_1
                                                   main
           ENTRY                   ADDRESS         REF BY
           =====                   =======         ======
           time                    020A 
    -------------------------------------------------------------------------
DATA16_Z
  Relative segment, address: 0216 - 0217 (0x2 bytes), align: 1
  Segment part 54.            Intra module refs:   Port_1
                                                   main
           ENTRY                   ADDRESS         REF BY
           =====                   =======         ======
           angle                   0216 
    -------------------------------------------------------------------------
DATA16_Z
  Relative segment, address: 0218 - 0219 (0x2 bytes), align: 1
  Segment part 55.            Intra module refs:   Port_1
                                                   Port_2
                                                   main
           ENTRY                   ADDRESS         REF BY
           =====                   =======         ======
           flag3                   0218 
    -------------------------------------------------------------------------
CODE
  Relative segment, address: C3D4 - C3E3 (0x10 bytes), align: 1
  Segment part 56.            Intra module refs:   Port_1
                                                   Port_2
                                                   main
           ENTRY                   ADDRESS         REF BY
           =====                   =======         ======
           delay                   C3D4 
    -------------------------------------------------------------------------
CODE
  Relative segment, address: C3E4 - C3F3 (0x10 bytes), align: 1
  Segment part 57.            Intra module refs:   main
           ENTRY                   ADDRESS         REF BY
           =====                   =======         ======
           delay1                  C3E4 
    -------------------------------------------------------------------------
CODE
  Relative segment, address: C3F4 - C5D9 (0x1e6 bytes), align: 1
  Segment part 65.
           ENTRY                   ADDRESS         REF BY
           =====                   =======         ======
           main                    C3F4            Segment part 19 (?cstart)
               calls direct
    -------------------------------------------------------------------------
CODE
  Relative segment, address: C5DA - C61F (0x46 bytes), align: 1
  Segment part 64.            Intra module refs:   main
           ENTRY                   ADDRESS         REF BY
           =====                   =======         ======
           int_gpio                C5DA 
    -------------------------------------------------------------------------
CODE
  Relative segment, address: C620 - C643 (0x24 bytes), align: 1
  Segment part 63.            Intra module refs:   main
           ENTRY                   ADDRESS         REF BY
           =====                   =======         ======
           pwm1                    C620 
    -------------------------------------------------------------------------
CODE
  Relative segment, address: C644 - C663 (0x20 bytes), align: 1
  Segment part 62.            Intra module refs:   main
           ENTRY                   ADDRESS         REF BY
           =====                   =======         ======
           pwm2                    C644 
    -------------------------------------------------------------------------
CODE
  Relative segment, address: C664 - C681 (0x1e bytes), align: 1
  Segment part 59.            Intra module refs:   main
                                                   stop
           ENTRY                   ADDRESS         REF BY
           =====                   =======         ======
           changepwm1              C664 
               calls direct
    -------------------------------------------------------------------------
CODE
  Relative segment, address: C682 - C69F (0x1e bytes), align: 1
  Segment part 58.            Intra module refs:   main
                                                   stop
           ENTRY                   ADDRESS         REF BY
           =====                   =======         ======
           changepwm2              C682 
               calls direct
    -------------------------------------------------------------------------
CODE
  Relative segment, address: C6A0 - C6B1 (0x12 bytes), align: 1
  Segment part 60.            Intra module refs:   main
           ENTRY                   ADDRESS         REF BY
           =====                   =======         ======
           stop                    C6A0 
               calls direct
    -------------------------------------------------------------------------
CODE
  Relative segment, address: C6B2 - C707 (0x56 bytes), align: 1
  Segment part 61.            Intra module refs:   main
           ENTRY                   ADDRESS         REF BY
           =====                   =======         ======
           scan                    C6B2 
    -------------------------------------------------------------------------
CODE
  Relative segment, address: C708 - C73D (0x36 bytes), align: 1
  Segment part 72.            Intra module refs:   Port_1::??INTVEC 4
           ENTRY                   ADDRESS         REF BY
           =====                   =======         ======
           Port_1                  C708 
               interrupt function
               calls direct
    -------------------------------------------------------------------------
CODE
  Relative segment, address: C73E - C759 (0x1c bytes), align: 1
  Segment part 73.            Intra module refs:   Port_2::??INTVEC 6
           ENTRY                   ADDRESS         REF BY
           =====                   =======         ======
           Port_2                  C73E 
               interrupt function
               calls direct
    -------------------------------------------------------------------------
INTVEC
  Common segment, address: FFE0 - FFE5 (0x6 bytes), align: 1
  Segment part 26. ROOT 
           ENTRY                   ADDRESS         REF BY
           =====                   =======         ======
           Port_1::??INTVEC 4      FFE4 
    -------------------------------------------------------------------------
INTVEC
  Common segment, address: FFE0 - FFE7 (0x8 bytes), align: 1
  Segment part 27. ROOT 
           ENTRY                   ADDRESS         REF BY
           =====                   =======         ======
           Port_2::??INTVEC 6      FFE6 
    -------------------------------------------------------------------------
DATA16_ID
  Relative segment, address: C00E - C00F (0x2 bytes), align: 1
  Segment part 43.            Intra module refs:   zhan1
    -------------------------------------------------------------------------
DATA16_ID
  Relative segment, address: C010 - C011 (0x2 bytes), align: 1
  Segment part 45.            Intra module refs:   zhan2
    -------------------------------------------------------------------------
DATA16_ID
  Relative segment, address: C012 - C013 (0x2 bytes), align: 1
  Segment part 47.            Intra module refs:   flag
    -------------------------------------------------------------------------
DATA16_ID
  Relative segment, address: C014 - C015 (0x2 bytes), align: 1
  Segment part 49.            Intra module refs:   flag1
    -------------------------------------------------------------------------
DATA16_ID
  Relative segment, address: C016 - C017 (0x2 bytes), align: 1
  Segment part 51.            Intra module refs:   flag2
    -------------------------------------------------------------------------
DATA16_ID
  Relative segment, address: C018 - C019 (0x2 bytes), align: 1
  Segment part 53.            Intra module refs:   time
    -------------------------------------------------------------------------
DATA16_C
  Relative segment, address: C000 - C005 (0x6 bytes), align: 0
  Segment part 29.            Intra module refs:   main
    -------------------------------------------------------------------------
DATA16_C
  Relative segment, address: C006 - C00C (0x7 bytes), align: 0
  Segment part 30.            Intra module refs:   main

    *************************************************************************

  FILE NAME : C:\Users\HP\Desktop\小车控制3\Debug\Obj\mathfun.r43
  PROGRAM MODULE, NAME : mathfun

  SEGMENTS IN THE MODULE
  ======================
CODE
  Relative segment, address: C75A - C75F (0x6 bytes), align: 1
  Segment part 2.             Intra module refs:   drawint
           ENTRY                   ADDRESS         REF BY
           =====                   =======         ======
           int2char                C75A 
               CSTACK = 00000000 ( 00000002 )
    -------------------------------------------------------------------------
CODE
  Relative segment, address: C760 - C811 (0xb2 bytes), align: 1
  Segment part 7.
           ENTRY                   ADDRESS         REF BY
           =====                   =======         ======
           drawint                 C760            main (main)
               calls direct
               CSTACK = 00000000 ( 00000008 )

    *************************************************************************

  FILE NAME : C:\Program Files (x86)\IAR Systems\Embedded Workbench 8.0\430\lib\dlib\dl430fn.r43
  LIBRARY MODULE, NAME : ?__dbg_break

  SEGMENTS IN THE MODULE
  ======================
CODE
  Relative segment, address: C812 - C813 (0x2 bytes), align: 1
  Segment part 2.
           ENTRY                   ADDRESS         REF BY
           =====                   =======         ======
           __DebugBreak            C812            __exit (?__exit)

    -------------------------------------------------------------------------
  LIBRARY MODULE, NAME : ?__exit

  SEGMENTS IN THE MODULE
  ======================
CODE
  Relative segment, address: C814 - C825 (0x12 bytes), align: 1
  Segment part 2.
           ENTRY                   ADDRESS         REF BY
           =====                   =======         ======
           __exit                  C814            Segment part 6 (?_exit)
                                                   _exit (?_exit)
               calls direct

    -------------------------------------------------------------------------
  LIBRARY MODULE, NAME : ?_exit

  SEGMENTS IN THE MODULE
  ======================
CODE
  Relative segment, address: C826, align: 1
  Segment part 0.
           ENTRY                   ADDRESS         REF BY
           =====                   =======         ======
           _exit                   C826            exit (?exit)
    -------------------------------------------------------------------------
CODE
  Relative segment, address: C826 - C829 (0x4 bytes), align: 1
  Segment part 6.             Intra module refs:   _exit

    -------------------------------------------------------------------------
  LIBRARY MODULE, NAME : ?cstart

  SEGMENTS IN THE MODULE
  ======================
CSTACK
  Relative segment, address: 03B0, align: 1
  Segment part 1.
    -------------------------------------------------------------------------
DATA16_Z
  Relative segment, address: 021A, align: 1
  Segment part 2.
    -------------------------------------------------------------------------
DATA16_I
  Relative segment, address: 020C, align: 1
  Segment part 3.
    -------------------------------------------------------------------------
DATA16_ID
  Relative segment, address: C01A, align: 1
  Segment part 4.
    -------------------------------------------------------------------------
CSTART
  Relative segment, address: C01A - C01D (0x4 bytes), align: 1
  Segment part 9.
           ENTRY                   ADDRESS         REF BY
           =====                   =======         ======
           __program_start         C01A            ?reset_vector (?reset_vector)
                                                   Absolute parts (?ABS_ENTRY_MOD)
           ?cstart_begin           C01A 
    -------------------------------------------------------------------------
CSTART
  Relative segment, address: C01E - C029 (0xc bytes), align: 1
  Segment part 14.
           ENTRY                   ADDRESS         REF BY
           =====                   =======         ======
           ?cstart_init_zero       C01E            LCDCtl (lcd)
                                                   angle (main)
                                                   flag3 (main)
                                                   io1 (main)
                                                   io2 (main)
                                                   io3 (main)
                                                   io4 (main)
                                                   io5 (main)
    -------------------------------------------------------------------------
CSTART
  Relative segment, address: C02A - C039 (0x10 bytes), align: 1
  Segment part 15.
           ENTRY                   ADDRESS         REF BY
           =====                   =======         ======
           ?cstart_init_copy       C02A            flag (main)
                                                   flag1 (main)
                                                   flag2 (main)
                                                   time (main)
                                                   zhan1 (main)
                                                   zhan2 (main)
    -------------------------------------------------------------------------
CSTART
  Relative segment, address: C03A - C041 (0x8 bytes), align: 1
  Segment part 19.            Intra module refs:   Segment part 9
           ENTRY                   ADDRESS         REF BY
           =====                   =======         ======
           ?cstart_call_main       C03A 
           ?cstart_end             C042 

    -------------------------------------------------------------------------
  LIBRARY MODULE, NAME : ?reset_vector

  SEGMENTS IN THE MODULE
  ======================
RESET
  Relative segment, address: FFFE - FFFF (0x2 bytes), align: 1
  Segment part 0.
           ENTRY                   ADDRESS         REF BY
           =====                   =======         ======
           ?reset_vector           FFFE            Segment part 9 (?cstart)

    -------------------------------------------------------------------------
  LIBRARY MODULE, NAME : ?Epilogue

  SEGMENTS IN THE MODULE
  ======================
CODE
  Relative segment, address: C82A - C831 (0x8 bytes), align: 1
  Segment part 5.
           ENTRY                   ADDRESS         REF BY
           =====                   =======         ======
           ?Epilogue3              C82A            LCD_drawCharAt (lcd)
                                                   drawint (mathfun)

    -------------------------------------------------------------------------
  LIBRARY MODULE, NAME : ?exit

  SEGMENTS IN THE MODULE
  ======================
CODE
  Relative segment, address: C832 - C835 (0x4 bytes), align: 1
  Segment part 2.
           ENTRY                   ADDRESS         REF BY
           =====                   =======         ======
           exit                    C832            Segment part 19 (?cstart)
               calls direct

    -------------------------------------------------------------------------
  LIBRARY MODULE, NAME : ?DivMod816u

  SEGMENTS IN THE MODULE
  ======================
CODE
  Relative segment, address: C836 - C839 (0x4 bytes), align: 1
  Segment part 0.
           ENTRY                   ADDRESS         REF BY
           =====                   =======         ======
           ?DivMod8u               C836            LCD_drawChar (lcd)
    -------------------------------------------------------------------------
CODE
  Relative segment, address: C83A - C851 (0x18 bytes), align: 1
  Segment part 1.             Intra module refs:   ?DivMod8u
           ENTRY                   ADDRESS         REF BY
           =====                   =======         ======
           ?DivMod16u              C83A            ?DivMod16s (?DivMod816s)
                                                   drawint (mathfun)

    -------------------------------------------------------------------------
  LIBRARY MODULE, NAME : ?DivMod816s

  SEGMENTS IN THE MODULE
  ======================
CODE
  Relative segment, address: C852 - C881 (0x30 bytes), align: 1
  Segment part 1.
           ENTRY                   ADDRESS         REF BY
           =====                   =======         ======
           ?DivMod16s              C852            changepwm1 (main)
                                                   changepwm2 (main)

    -------------------------------------------------------------------------
  LIBRARY MODULE, NAME : ?memcpy

  SEGMENTS IN THE MODULE
  ======================
CODE
  Relative segment, address: C882 - C893 (0x12 bytes), align: 1
  Segment part 2.
           ENTRY                   ADDRESS         REF BY
           =====                   =======         ======
           memcpy                  C882            __data16_memcpy (?memzero)

    -------------------------------------------------------------------------
  LIBRARY MODULE, NAME : ?memzero

  SEGMENTS IN THE MODULE
  ======================
CODE
  Relative segment, address: C894 - C8A3 (0x10 bytes), align: 1
  Segment part 2.
           ENTRY                   ADDRESS         REF BY
           =====                   =======         ======
           __data16_memzero        C894            ?cstart_init_zero (?cstart)
    -------------------------------------------------------------------------
CODE
  Relative segment, address: C8A4 - C8A7 (0x4 bytes), align: 1
  Segment part 3.
           ENTRY                   ADDRESS         REF BY
           =====                   =======         ======
           __data16_memcpy         C8A4            ?cstart_init_copy (?cstart)
               calls direct




                ****************************************
                *                                      *
                *      SEGMENTS IN ADDRESS ORDER       *
                *                                      *
                ****************************************


SEGMENT              SPACE    START ADDRESS   END ADDRESS     SIZE  TYPE  ALIGN
=======              =====    =============   ===========     ====  ====  =====
DATA16_AN                              0020 - 002F              10   rel    0
                                       0120 - 0121               2 
                                       0160 - 0161               2 
                                       0164 - 0165               2 
                                       0172 - 0175               4 
                                       0180 - 0181               2 
                                       0184 - 0185               2 
                                       0192 - 0195               4 
DATA16_I                               0200 - 020B               C   rel    1
DATA16_Z                               020C - 021B              10   rel    1
CSTACK                                 03B0 - 03FF              50   rel    1
DATA16_C                               C000 - C00C               D   rel    0
DATA16_ID                              C00E - C019               C   rel    1
CSTART                                 C01A - C041              28   rel    1
CODE                                   C042 - CE97             E56   rel    1
INTVEC                                 FFE0 - FFE7               8   com    1
RESET                                  FFFE - FFFF               2   rel    1

                ****************************************
                *                                      *
                *        END OF CROSS REFERENCE        *
                *                                      *
                ****************************************

 3 720 bytes of CODE  memory
   108 bytes of DATA  memory (+ 34 absolute )
    25 bytes of CONST memory

Errors: none
Warnings: none

